# code generated by retab v0.0.0-unknown. DO NOT EDIT.
# join the fight against yaml @ github.com/walteh/retab

# source: "task.retab"

afy:
    - my/dir/abc/file.yaml
    - your/dir/file.yaml
