# code generated by retab v0.0.0-unknown. DO NOT EDIT.
# join the fight against yaml @ github.com/walteh/retab

# source: "task.retab"

cow: github.com/test/123
wut: NOPE
