# code generated by retab. DO NOT EDIT.
# join the fight against yaml @ github.com/walteh/retab

# source: "task.retab"

goat: dir/tmp.yaml
cow: gwaitnaadfasdfsdsdfsa what ? dir/tmp.yaml
