# code generated by retab. DO NOT EDIT.
# join the fight against yaml @ github.com/walteh/retab

# source: "task.retab"

version: 3
tasks:
    task-bin:
        generates:
            - bin/task
        dir: tools
        sources:
            - go.mod
            - go.sum
            - main.go
        cmds:
            - go build -mod=vendor -o ./bin/task github.com/go-task/task/v3/cmd/task
    buf-bin:
        generates:
            - bin/buf
        dir: tools
        sources:
            - go.mod
            - go.sum
            - main.go
        cmds:
            - go build -mod=vendor -o ./bin/buf github.com/bufbuild/buf/cmd/buf
    mockery-bin:
        generates:
            - bin/mockery
        dir: tools
        sources:
            - go.mod
            - go.sum
            - main.go
        cmds:
            - go build -mod=vendor -o ./bin/mockery github.com/vektra/mockery/v2
    gotestsum-bin:
        generates:
            - bin/gotestsum
        dir: tools
        sources:
            - go.mod
            - go.sum
            - main.go
        cmds:
            - go build -mod=vendor -o ./bin/gotestsum gotest.tools/gotestsum
    golangci-lint-bin:
        generates:
            - bin/golangci-lint
        dir: tools
        sources:
            - go.mod
            - go.sum
            - main.go
        cmds:
            - go build -mod=vendor -o ./bin/golangci-lint github.com/golangci/golangci-lint/cmd/golangci-lint
