# code generated by retab. DO NOT EDIT.
# join the fight against yaml @ github.com/walteh/retab

# source: "task.retab"

version: 3
tasks:
    abc:
        cmd: hello, world!
