# code generated by retab v0.0.0-unknown. DO NOT EDIT.
# join the fight against yaml @ github.com/walteh/retab

# source: "task.retab"

a: 1
b: 2
c: 3
d: 4
e: 5
f: 6
g: 7
h: 8
i: 9
