# code generated by retab. DO NOT EDIT.
# join the fight against yaml @ github.com/walteh/retab

# source: "mockery.retab"

packages:
    github.com/walteh/xyz/pkg/core/v1:
        interfaces:
            CoreInter: {}
    github.com/walteh/xyz/pkg/schema:
        interfaces:
            SchemaInter: {}
